MPLINK 5.08, LINKER
Linker Map File - Created Wed Sep 28 17:02:50 2016

                                 Section Info
                  Section       Type    Address   Location Size(Bytes)
                ---------  ---------  ---------  ---------  ---------
                   .org_0       code   0x000000    program   0x000002
                   .cinit    romdata   0x000001    program   0x000004
                   .org_1       code   0x000004    program   0x00013e
.config_8007_BUILD/DEFAULT/PRODUCTION/PIXDEL6       code   0x008007    program   0x000002
.config_8008_BUILD/DEFAULT/PRODUCTION/PIXDEL6       code   0x008008    program   0x000002
                   .udata      udata   0x000020       data   0x000010
               .udata_shr      udata   0x000070       data   0x000008



                              Program Memory Usage 
                               Start         End      
                           ---------   ---------      
                            0x000000    0x000002      
                            0x000004    0x0000a2      
                            0x008007    0x008008      
            164 out of 2055 program addresses used, program memory utilization is 7%



                              Symbols - Sorted by Name
                     Name    Address   Location    Storage File                     
                ---------  ---------  ---------  --------- ---------                
             _.org_1_0051   0x000051    program     static /home/jacques/github/pixdel6/pixdel6.X/pixdel6.asm
             _.org_1_0054   0x000054    program     static /home/jacques/github/pixdel6/pixdel6.X/pixdel6.asm
             _.org_1_0060   0x000060    program     static /home/jacques/github/pixdel6/pixdel6.X/pixdel6.asm
             _.org_1_0086   0x000086    program     static /home/jacques/github/pixdel6/pixdel6.X/pixdel6.asm
             _.org_1_008D   0x00008d    program     static /home/jacques/github/pixdel6/pixdel6.X/pixdel6.asm
              accept_loop   0x000073    program     static /home/jacques/github/pixdel6/pixdel6.X/pixdel6.asm
                  accepte   0x000071    program     static /home/jacques/github/pixdel6/pixdel6.X/pixdel6.asm
              diffus_loop   0x00007b    program     static /home/jacques/github/pixdel6/pixdel6.X/pixdel6.asm
                diffusion   0x000079    program     static /home/jacques/github/pixdel6/pixdel6.X/pixdel6.asm
                     init   0x000007    program     static /home/jacques/github/pixdel6/pixdel6.X/pixdel6.asm
                      isr   0x000004    program     static /home/jacques/github/pixdel6/pixdel6.X/pixdel6.asm
                     main   0x000056    program     static /home/jacques/github/pixdel6/pixdel6.X/pixdel6.asm
         nouvelle_couleur   0x000092    program     static /home/jacques/github/pixdel6/pixdel6.X/pixdel6.asm
             retrans_loop   0x00006c    program     static /home/jacques/github/pixdel6/pixdel6.X/pixdel6.asm
               retransmet   0x000069    program     static /home/jacques/github/pixdel6/pixdel6.X/pixdel6.asm
                      rst   0x000000    program     static /home/jacques/github/pixdel6/pixdel6.X/pixdel6.asm
                  uart_rx   0x000084    program     static /home/jacques/github/pixdel6/pixdel6.X/pixdel6.asm
                  uart_tx   0x00008b    program     static /home/jacques/github/pixdel6/pixdel6.X/pixdel6.asm
               a_recevoir   0x000071       data     static /home/jacques/github/pixdel6/pixdel6.X/pixdel6.asm
                     bleu   0x000076       data     static /home/jacques/github/pixdel6/pixdel6.X/pixdel6.asm
                     msec   0x000070       data     static /home/jacques/github/pixdel6/pixdel6.X/pixdel6.asm
                    rouge   0x000072       data     static /home/jacques/github/pixdel6/pixdel6.X/pixdel6.asm
                    stack   0x000020       data     static /home/jacques/github/pixdel6/pixdel6.X/pixdel6.asm
                     vert   0x000074       data     static /home/jacques/github/pixdel6/pixdel6.X/pixdel6.asm



                              Symbols - Sorted by Address
                     Name    Address   Location    Storage File                     
                ---------  ---------  ---------  --------- ---------                
                      rst   0x000000    program     static /home/jacques/github/pixdel6/pixdel6.X/pixdel6.asm
                      isr   0x000004    program     static /home/jacques/github/pixdel6/pixdel6.X/pixdel6.asm
                     init   0x000007    program     static /home/jacques/github/pixdel6/pixdel6.X/pixdel6.asm
             _.org_1_0051   0x000051    program     static /home/jacques/github/pixdel6/pixdel6.X/pixdel6.asm
             _.org_1_0054   0x000054    program     static /home/jacques/github/pixdel6/pixdel6.X/pixdel6.asm
                     main   0x000056    program     static /home/jacques/github/pixdel6/pixdel6.X/pixdel6.asm
             _.org_1_0060   0x000060    program     static /home/jacques/github/pixdel6/pixdel6.X/pixdel6.asm
               retransmet   0x000069    program     static /home/jacques/github/pixdel6/pixdel6.X/pixdel6.asm
             retrans_loop   0x00006c    program     static /home/jacques/github/pixdel6/pixdel6.X/pixdel6.asm
                  accepte   0x000071    program     static /home/jacques/github/pixdel6/pixdel6.X/pixdel6.asm
              accept_loop   0x000073    program     static /home/jacques/github/pixdel6/pixdel6.X/pixdel6.asm
                diffusion   0x000079    program     static /home/jacques/github/pixdel6/pixdel6.X/pixdel6.asm
              diffus_loop   0x00007b    program     static /home/jacques/github/pixdel6/pixdel6.X/pixdel6.asm
                  uart_rx   0x000084    program     static /home/jacques/github/pixdel6/pixdel6.X/pixdel6.asm
             _.org_1_0086   0x000086    program     static /home/jacques/github/pixdel6/pixdel6.X/pixdel6.asm
                  uart_tx   0x00008b    program     static /home/jacques/github/pixdel6/pixdel6.X/pixdel6.asm
             _.org_1_008D   0x00008d    program     static /home/jacques/github/pixdel6/pixdel6.X/pixdel6.asm
         nouvelle_couleur   0x000092    program     static /home/jacques/github/pixdel6/pixdel6.X/pixdel6.asm
                    stack   0x000020       data     static /home/jacques/github/pixdel6/pixdel6.X/pixdel6.asm
                     msec   0x000070       data     static /home/jacques/github/pixdel6/pixdel6.X/pixdel6.asm
               a_recevoir   0x000071       data     static /home/jacques/github/pixdel6/pixdel6.X/pixdel6.asm
                    rouge   0x000072       data     static /home/jacques/github/pixdel6/pixdel6.X/pixdel6.asm
                     vert   0x000074       data     static /home/jacques/github/pixdel6/pixdel6.X/pixdel6.asm
                     bleu   0x000076       data     static /home/jacques/github/pixdel6/pixdel6.X/pixdel6.asm


